Archive member included because of file (symbol)

/home/javier/Ac6/SystemWorkbench/plugins/fr.ac6.mcu.externaltools.arm-none.linux64_1.3.0.201507241112/tools/compiler/bin/../lib/gcc/arm-none-eabi/4.9.3/../../../../arm-none-eabi/lib/cortex-m7/fpu/fpv5-sp-d16/libc_nano.a(lib_a-calloc.o)
                              Application/User/Circ_Buff.o (calloc)
/home/javier/Ac6/SystemWorkbench/plugins/fr.ac6.mcu.externaltools.arm-none.linux64_1.3.0.201507241112/tools/compiler/bin/../lib/gcc/arm-none-eabi/4.9.3/../../../../arm-none-eabi/lib/cortex-m7/fpu/fpv5-sp-d16/libc_nano.a(lib_a-exit.o)
                              /home/javier/Ac6/SystemWorkbench/plugins/fr.ac6.mcu.externaltools.arm-none.linux64_1.3.0.201507241112/tools/compiler/bin/../lib/gcc/arm-none-eabi/4.9.3/../../../../arm-none-eabi/lib/cortex-m7/fpu/fpv5-sp-d16/crt0.o (exit)
/home/javier/Ac6/SystemWorkbench/plugins/fr.ac6.mcu.externaltools.arm-none.linux64_1.3.0.201507241112/tools/compiler/bin/../lib/gcc/arm-none-eabi/4.9.3/../../../../arm-none-eabi/lib/cortex-m7/fpu/fpv5-sp-d16/libc_nano.a(lib_a-impure.o)
                              /home/javier/Ac6/SystemWorkbench/plugins/fr.ac6.mcu.externaltools.arm-none.linux64_1.3.0.201507241112/tools/compiler/bin/../lib/gcc/arm-none-eabi/4.9.3/../../../../arm-none-eabi/lib/cortex-m7/fpu/fpv5-sp-d16/libc_nano.a(lib_a-exit.o) (_global_impure_ptr)
/home/javier/Ac6/SystemWorkbench/plugins/fr.ac6.mcu.externaltools.arm-none.linux64_1.3.0.201507241112/tools/compiler/bin/../lib/gcc/arm-none-eabi/4.9.3/../../../../arm-none-eabi/lib/cortex-m7/fpu/fpv5-sp-d16/libc_nano.a(lib_a-init.o)
                              /home/javier/Ac6/SystemWorkbench/plugins/fr.ac6.mcu.externaltools.arm-none.linux64_1.3.0.201507241112/tools/compiler/bin/../lib/gcc/arm-none-eabi/4.9.3/../../../../arm-none-eabi/lib/cortex-m7/fpu/fpv5-sp-d16/crt0.o (__libc_init_array)
/home/javier/Ac6/SystemWorkbench/plugins/fr.ac6.mcu.externaltools.arm-none.linux64_1.3.0.201507241112/tools/compiler/bin/../lib/gcc/arm-none-eabi/4.9.3/../../../../arm-none-eabi/lib/cortex-m7/fpu/fpv5-sp-d16/libc_nano.a(lib_a-malloc.o)
                              Application/User/Circ_Buff.o (malloc)
/home/javier/Ac6/SystemWorkbench/plugins/fr.ac6.mcu.externaltools.arm-none.linux64_1.3.0.201507241112/tools/compiler/bin/../lib/gcc/arm-none-eabi/4.9.3/../../../../arm-none-eabi/lib/cortex-m7/fpu/fpv5-sp-d16/libc_nano.a(lib_a-memset.o)
                              /home/javier/Ac6/SystemWorkbench/plugins/fr.ac6.mcu.externaltools.arm-none.linux64_1.3.0.201507241112/tools/compiler/bin/../lib/gcc/arm-none-eabi/4.9.3/../../../../arm-none-eabi/lib/cortex-m7/fpu/fpv5-sp-d16/crt0.o (memset)
/home/javier/Ac6/SystemWorkbench/plugins/fr.ac6.mcu.externaltools.arm-none.linux64_1.3.0.201507241112/tools/compiler/bin/../lib/gcc/arm-none-eabi/4.9.3/../../../../arm-none-eabi/lib/cortex-m7/fpu/fpv5-sp-d16/libc_nano.a(lib_a-nano-callocr.o)
                              /home/javier/Ac6/SystemWorkbench/plugins/fr.ac6.mcu.externaltools.arm-none.linux64_1.3.0.201507241112/tools/compiler/bin/../lib/gcc/arm-none-eabi/4.9.3/../../../../arm-none-eabi/lib/cortex-m7/fpu/fpv5-sp-d16/libc_nano.a(lib_a-calloc.o) (_calloc_r)
/home/javier/Ac6/SystemWorkbench/plugins/fr.ac6.mcu.externaltools.arm-none.linux64_1.3.0.201507241112/tools/compiler/bin/../lib/gcc/arm-none-eabi/4.9.3/../../../../arm-none-eabi/lib/cortex-m7/fpu/fpv5-sp-d16/libc_nano.a(lib_a-nano-freer.o)
                              /home/javier/Ac6/SystemWorkbench/plugins/fr.ac6.mcu.externaltools.arm-none.linux64_1.3.0.201507241112/tools/compiler/bin/../lib/gcc/arm-none-eabi/4.9.3/../../../../arm-none-eabi/lib/cortex-m7/fpu/fpv5-sp-d16/libc_nano.a(lib_a-malloc.o) (_free_r)
/home/javier/Ac6/SystemWorkbench/plugins/fr.ac6.mcu.externaltools.arm-none.linux64_1.3.0.201507241112/tools/compiler/bin/../lib/gcc/arm-none-eabi/4.9.3/../../../../arm-none-eabi/lib/cortex-m7/fpu/fpv5-sp-d16/libc_nano.a(lib_a-nano-mallocr.o)
                              /home/javier/Ac6/SystemWorkbench/plugins/fr.ac6.mcu.externaltools.arm-none.linux64_1.3.0.201507241112/tools/compiler/bin/../lib/gcc/arm-none-eabi/4.9.3/../../../../arm-none-eabi/lib/cortex-m7/fpu/fpv5-sp-d16/libc_nano.a(lib_a-malloc.o) (_malloc_r)
/home/javier/Ac6/SystemWorkbench/plugins/fr.ac6.mcu.externaltools.arm-none.linux64_1.3.0.201507241112/tools/compiler/bin/../lib/gcc/arm-none-eabi/4.9.3/../../../../arm-none-eabi/lib/cortex-m7/fpu/fpv5-sp-d16/libc_nano.a(lib_a-sbrkr.o)
                              /home/javier/Ac6/SystemWorkbench/plugins/fr.ac6.mcu.externaltools.arm-none.linux64_1.3.0.201507241112/tools/compiler/bin/../lib/gcc/arm-none-eabi/4.9.3/../../../../arm-none-eabi/lib/cortex-m7/fpu/fpv5-sp-d16/libc_nano.a(lib_a-nano-mallocr.o) (_sbrk_r)
/home/javier/Ac6/SystemWorkbench/plugins/fr.ac6.mcu.externaltools.arm-none.linux64_1.3.0.201507241112/tools/compiler/bin/../lib/gcc/arm-none-eabi/4.9.3/../../../../arm-none-eabi/lib/cortex-m7/fpu/fpv5-sp-d16/libc_nano.a(lib_a-reent.o)
[...]
Memory Configuration

Name             Origin             Length             Attributes
FLASH            0x08000000         0x00100000         xr
RAM              0x20000000         0x00050000         xrw
*default*        0x00000000         0xffffffff

Linker script and memory map

LOAD /home/javier/Ac6/SystemWorkbench/plugins/fr.ac6.mcu.externaltools.arm-none.linux64_1.3.0.201507241112/tools/compiler/bin/../lib/gcc/arm-none-eabi/4.9.3/cortex-m7/fpu/fpv5-sp-d16/crti.o
LOAD /home/javier/Ac6/SystemWorkbench/plugins/fr.ac6.mcu.externaltools.arm-none.linux64_1.3.0.201507241112/tools/compiler/bin/../lib/gcc/arm-none-eabi/4.9.3/cortex-m7/fpu/fpv5-sp-d16/crtbegin.o
LOAD /home/javier/Ac6/SystemWorkbench/plugins/fr.ac6.mcu.externaltools.arm-none.linux64_1.3.0.201507241112/tools/compiler/bin/../lib/gcc/arm-none-eabi/4.9.3/../../../../arm-none-eabi/lib/cortex-m7/fpu/fpv5-sp-d16/crt0.o
LOAD /home/javier/Ac6/SystemWorkbench/plugins/fr.ac6.mcu.externaltools.arm-none.linux64_1.3.0.201507241112/tools/compiler/bin/../lib/gcc/arm-none-eabi/4.9.3/../../../../arm-none-eabi/lib/cortex-m7/fpu/fpv5-sp-d16/libm.a
LOAD Drivers/STM32F7xx_HAL_Driver/stm32f7xx_hal.o
LOAD Drivers/STM32F7xx_HAL_Driver/stm32f7xx_hal_cortex.o
LOAD Drivers/STM32F7xx_HAL_Driver/stm32f7xx_hal_dma.o
LOAD Drivers/STM32F7xx_HAL_Driver/stm32f7xx_hal_dma_ex.o
LOAD Drivers/STM32F7xx_HAL_Driver/stm32f7xx_hal_flash.o
LOAD Drivers/STM32F7xx_HAL_Driver/stm32f7xx_hal_flash_ex.o
LOAD Drivers/STM32F7xx_HAL_Driver/stm32f7xx_hal_gpio.o
LOAD Drivers/STM32F7xx_HAL_Driver/stm32f7xx_hal_i2c.o
LOAD Drivers/STM32F7xx_HAL_Driver/stm32f7xx_hal_pwr.o
LOAD Drivers/STM32F7xx_HAL_Driver/stm32f7xx_hal_pwr_ex.o
LOAD Drivers/STM32F7xx_HAL_Driver/stm32f7xx_hal_qspi.o
LOAD Drivers/STM32F7xx_HAL_Driver/stm32f7xx_hal_rcc.o
LOAD Drivers/STM32F7xx_HAL_Driver/stm32f7xx_hal_rcc_ex.o
LOAD Drivers/STM32F7xx_HAL_Driver/stm32f7xx_hal_rtc.o
LOAD Drivers/STM32F7xx_HAL_Driver/stm32f7xx_hal_rtc_ex.o
LOAD Drivers/STM32F7xx_HAL_Driver/stm32f7xx_hal_spi.o
LOAD Drivers/STM32F7xx_HAL_Driver/stm32f7xx_hal_tim.o
LOAD Drivers/STM32F7xx_HAL_Driver/stm32f7xx_hal_tim_ex.o
LOAD Drivers/STM32F7xx_HAL_Driver/stm32f7xx_hal_uart.o
LOAD Drivers/CMSIS/system_stm32f7xx.o
LOAD Drivers/BSP/STM32746G-Discovery/stm32746g_discovery.o
LOAD Drivers/BSP/STM32746G-Discovery/stm32746g_discovery_qspi.o
LOAD Application/User/Circ_Buff.o
LOAD Application/User/gpio.o
LOAD Application/User/main.o
LOAD Application/User/stm32f7xx_hal_msp.o
LOAD Application/User/stm32f7xx_it.o
LOAD Application/User/usart.o
LOAD Application/SW4STM32/startup_stm32f746xx.o
START GROUP
LOAD /home/javier/Ac6/SystemWorkbench/plugins/fr.ac6.mcu.externaltools.arm-none.linux64_1.3.0.201507241112/tools/compiler/bin/../lib/gcc/arm-none-eabi/4.9.3/cortex-m7/fpu/fpv5-sp-d16/libgcc.a
LOAD /home/javier/Ac6/SystemWorkbench/plugins/fr.ac6.mcu.externaltools.arm-none.linux64_1.3.0.201507241112/tools/compiler/bin/../lib/gcc/arm-none-eabi/4.9.3/../../../../arm-none-eabi/lib/cortex-m7/fpu/fpv5-sp-d16/libc_nano.a
END GROUP
START GROUP
LOAD /home/javier/Ac6/SystemWorkbench/plugins/fr.ac6.mcu.externaltools.arm-none.linux64_1.3.0.201507241112/tools/compiler/bin/../lib/gcc/arm-none-eabi/4.9.3/cortex-m7/fpu/fpv5-sp-d16/libgcc.a
LOAD /home/javier/Ac6/SystemWorkbench/plugins/fr.ac6.mcu.externaltools.arm-none.linux64_1.3.0.201507241112/tools/compiler/bin/../lib/gcc/arm-none-eabi/4.9.3/../../../../arm-none-eabi/lib/cortex-m7/fpu/fpv5-sp-d16/libc_nano.a
LOAD /home/javier/Ac6/SystemWorkbench/plugins/fr.ac6.mcu.externaltools.arm-none.linux64_1.3.0.201507241112/tools/compiler/bin/../lib/gcc/arm-none-eabi/4.9.3/../../../../arm-none-eabi/lib/cortex-m7/fpu/fpv5-sp-d16/libnosys.a
END GROUP
START GROUP
LOAD /home/javier/Ac6/SystemWorkbench/plugins/fr.ac6.mcu.externaltools.arm-none.linux64_1.3.0.201507241112/tools/compiler/bin/../lib/gcc/arm-none-eabi/4.9.3/cortex-m7/fpu/fpv5-sp-d16/libgcc.a
LOAD /home/javier/Ac6/SystemWorkbench/plugins/fr.ac6.mcu.externaltools.arm-none.linux64_1.3.0.201507241112/tools/compiler/bin/../lib/gcc/arm-none-eabi/4.9.3/../../../../arm-none-eabi/lib/cortex-m7/fpu/fpv5-sp-d16/libc_nano.a
LOAD /home/javier/Ac6/SystemWorkbench/plugins/fr.ac6.mcu.externaltools.arm-none.linux64_1.3.0.201507241112/tools/compiler/bin/../lib/gcc/arm-none-eabi/4.9.3/../../../../arm-none-eabi/lib/cortex-m7/fpu/fpv5-sp-d16/libnosys.a
END GROUP
LOAD /home/javier/Ac6/SystemWorkbench/plugins/fr.ac6.mcu.externaltools.arm-none.linux64_1.3.0.201507241112/tools/compiler/bin/../lib/gcc/arm-none-eabi/4.9.3/cortex-m7/fpu/fpv5-sp-d16/crtend.o
LOAD /home/javier/Ac6/SystemWorkbench/plugins/fr.ac6.mcu.externaltools.arm-none.linux64_1.3.0.201507241112/tools/compiler/bin/../lib/gcc/arm-none-eabi/4.9.3/cortex-m7/fpu/fpv5-sp-d16/crtn.o
                0x20050000                _estack = 0x20050000
                0x00000400                _Min_Heap_Size = 0x400
                0x00000200                _Min_Stack_Size = 0x200

.isr_vector     0x08000000      0x1c8
                0x08000000                . = ALIGN (0x4)
 *(.isr_vector)
 .isr_vector    0x08000000      0x1c8 Application/SW4STM32/startup_stm32f746xx.o
                0x08000000                g_pfnVectors
                0x080001c8                . = ALIGN (0x4)

.text           0x080001c8     0x36a0
                0x080001c8                . = ALIGN (0x4)
 *(.text)
 .text          0x080001c8       0x5c /home/javier/Ac6/SystemWorkbench/plugins/fr.ac6.mcu.externaltools.arm-none.linux64_1.3.0.201507241112/tools/compiler/bin/../lib/gcc/arm-none-eabi/4.9.3/cortex-m7/fpu/fpv5-sp-d16/crtbegin.o
 *(.text*)
 .text.HAL_InitTick
                0x08000224       0x28 Drivers/STM32F7xx_HAL_Driver/stm32f7xx_hal.o
                0x08000224                HAL_InitTick
 .text.HAL_Init
                0x0800024c       0x18 Drivers/STM32F7xx_HAL_Driver/stm32f7xx_hal.o
                0x0800024c                HAL_Init
 .text.HAL_IncTick
                0x08000264       0x10 Drivers/STM32F7xx_HAL_Driver/stm32f7xx_hal.o
                0x08000264                HAL_IncTick
 .text.HAL_GetTick
                0x08000274        0xc Drivers/STM32F7xx_HAL_Driver/stm32f7xx_hal.o
                0x08000274                HAL_GetTick
 .text.HAL_NVIC_SetPriorityGrouping
                0x08000280       0x24 Drivers/STM32F7xx_HAL_Driver/stm32f7xx_hal_cortex.o
                0x08000280                HAL_NVIC_SetPriorityGrouping
 .text.HAL_NVIC_SetPriority
                0x080002a4       0x60 Drivers/STM32F7xx_HAL_Driver/stm32f7xx_hal_cortex.o
                0x080002a4                HAL_NVIC_SetPriority
 .text.HAL_NVIC_EnableIRQ
                0x08000304       0x18 Drivers/STM32F7xx_HAL_Driver/stm32f7xx_hal_cortex.o
                0x08000304                HAL_NVIC_EnableIRQ
 .text.HAL_SYSTICK_Config
                0x0800031c       0x2c Drivers/STM32F7xx_HAL_Driver/stm32f7xx_hal_cortex.o
                0x0800031c                HAL_SYSTICK_Config
 .text.HAL_SYSTICK_CLKSourceConfig
                0x08000348       0x20 Drivers/STM32F7xx_HAL_Driver/stm32f7xx_hal_cortex.o
                0x08000348                HAL_SYSTICK_CLKSourceConfig
 .text.HAL_SYSTICK_Callback
                0x08000368        0x4 Drivers/STM32F7xx_HAL_Driver/stm32f7xx_hal_cortex.o
                0x08000368                HAL_SYSTICK_Callback
 .text.HAL_SYSTICK_IRQHandler
                0x0800036c        0x8 Drivers/STM32F7xx_HAL_Driver/stm32f7xx_hal_cortex.o
                0x0800036c                HAL_SYSTICK_IRQHandler
 .text.HAL_GPIO_Init
                0x08000374      0x1e8 Drivers/STM32F7xx_HAL_Driver/stm32f7xx_hal_gpio.o
                0x08000374                HAL_GPIO_Init
 .text.HAL_GPIO_WritePin
                0x0800055c        0xc Drivers/STM32F7xx_HAL_Driver/stm32f7xx_hal_gpio.o
                0x0800055c                HAL_GPIO_WritePin
 .text.QSPI_Config
                0x08000568      0x1e0 Drivers/STM32F7xx_HAL_Driver/stm32f7xx_hal_qspi.o
 .text.QSPI_WaitFlagStateUntilTimeout
                0x08000748       0x54 Drivers/STM32F7xx_HAL_Driver/stm32f7xx_hal_qspi.o
 .text.HAL_QSPI_MspInit
                0x0800079c        0x4 Drivers/STM32F7xx_HAL_Driver/stm32f7xx_hal_qspi.o
                0x0800079c                HAL_QSPI_MspInit
 .text.HAL_QSPI_MspDeInit
                0x080007a0        0x4 Drivers/STM32F7xx_HAL_Driver/stm32f7xx_hal_qspi.o
                0x080007a0                HAL_QSPI_MspDeInit
 .text.HAL_QSPI_DeInit
                0x080007a4       0x3c Drivers/STM32F7xx_HAL_Driver/stm32f7xx_hal_qspi.o
                0x080007a4                HAL_QSPI_DeInit
 .text.HAL_QSPI_Command
                0x080007e0       0x80 Drivers/STM32F7xx_HAL_Driver/stm32f7xx_hal_qspi.o
                0x080007e0                HAL_QSPI_Command
 .text.HAL_QSPI_AutoPolling
                0x08000860       0xa8 Drivers/STM32F7xx_HAL_Driver/stm32f7xx_hal_qspi.o
                0x08000860                HAL_QSPI_AutoPolling
 .text.HAL_QSPI_Abort
                0x08000908       0x38 Drivers/STM32F7xx_HAL_Driver/stm32f7xx_hal_qspi.o
                0x08000908                HAL_QSPI_Abort
 .text.HAL_QSPI_Transmit
                0x08000940       0xb8 Drivers/STM32F7xx_HAL_Driver/stm32f7xx_hal_qspi.o
                0x08000940                HAL_QSPI_Transmit
 .text.HAL_QSPI_Receive
                0x080009f8       0xc0 Drivers/STM32F7xx_HAL_Driver/stm32f7xx_hal_qspi.o
                0x080009f8                HAL_QSPI_Receive
 .text.HAL_QSPI_SetTimeout
                0x08000ab8        0x4 Drivers/STM32F7xx_HAL_Driver/stm32f7xx_hal_qspi.o
                0x08000ab8                HAL_QSPI_SetTimeout
 .text.HAL_QSPI_Init
                0x08000abc       0xbc Drivers/STM32F7xx_HAL_Driver/stm32f7xx_hal_qspi.o
                0x08000abc                HAL_QSPI_Init
 .text.HAL_RCC_OscConfig
                0x08000b78      0x488 Drivers/STM32F7xx_HAL_Driver/stm32f7xx_hal_rcc.o
                0x08000b78                HAL_RCC_OscConfig
 .text.HAL_RCC_ClockConfig
                0x08001000      0x238 Drivers/STM32F7xx_HAL_Driver/stm32f7xx_hal_rcc.o
                0x08001000                HAL_RCC_ClockConfig
 .text.HAL_RCC_GetSysClockFreq
                0x08001238       0x94 Drivers/STM32F7xx_HAL_Driver/stm32f7xx_hal_rcc.o
                0x08001238                HAL_RCC_GetSysClockFreq
 .text.HAL_RCC_GetHCLKFreq
                0x080012cc       0x34 Drivers/STM32F7xx_HAL_Driver/stm32f7xx_hal_rcc.o
                0x080012cc                HAL_RCC_GetHCLKFreq
 .text.HAL_RCC_GetPCLK1Freq
                0x08001300       0x2c Drivers/STM32F7xx_HAL_Driver/stm32f7xx_hal_rcc.o
                0x08001300                HAL_RCC_GetPCLK1Freq
 .text.HAL_RCC_GetPCLK2Freq
                0x0800132c       0x2c Drivers/STM32F7xx_HAL_Driver/stm32f7xx_hal_rcc.o
                0x0800132c                HAL_RCC_GetPCLK2Freq
 .text.HAL_RCCEx_PeriphCLKConfig
                0x08001358      0x7c8 Drivers/STM32F7xx_HAL_Driver/stm32f7xx_hal_rcc_ex.o
                0x08001358                HAL_RCCEx_PeriphCLKConfig
 .text.HAL_UART_Receive_IT
                0x08001b20       0xd0 Drivers/STM32F7xx_HAL_Driver/stm32f7xx_hal_uart.o
                0x08001b20                HAL_UART_Receive_IT
 .text.UART_WaitOnFlagUntilTimeout
                0x08001bf0       0xd4 Drivers/STM32F7xx_HAL_Driver/stm32f7xx_hal_uart.o
                0x08001bf0                UART_WaitOnFlagUntilTimeout
 .text.HAL_UART_Transmit
                0x08001cc4       0xdc Drivers/STM32F7xx_HAL_Driver/stm32f7xx_hal_uart.o
                0x08001cc4                HAL_UART_Transmit
 .text.HAL_UART_Receive
                0x08001da0      0x118 Drivers/STM32F7xx_HAL_Driver/stm32f7xx_hal_uart.o
                0x08001da0                HAL_UART_Receive
 .text.HAL_UART_TxCpltCallback
                0x08001eb8        0x4 Drivers/STM32F7xx_HAL_Driver/stm32f7xx_hal_uart.o
                0x08001eb8                HAL_UART_TxCpltCallback
 .text.UART_Transmit_IT
                0x08001ebc       0x9c Drivers/STM32F7xx_HAL_Driver/stm32f7xx_hal_uart.o
 .text.UART_EndTransmit_IT
                0x08001f58       0x2c Drivers/STM32F7xx_HAL_Driver/stm32f7xx_hal_uart.o
 .text.UART_Receive_IT
                0x08001f84       0x9c Drivers/STM32F7xx_HAL_Driver/stm32f7xx_hal_uart.o
 .text.HAL_UART_ErrorCallback
                0x08002020        0x4 Drivers/STM32F7xx_HAL_Driver/stm32f7xx_hal_uart.o
                0x08002020                HAL_UART_ErrorCallback
 .text.HAL_UART_IRQHandler
                0x08002024       0xec Drivers/STM32F7xx_HAL_Driver/stm32f7xx_hal_uart.o
                0x08002024                HAL_UART_IRQHandler
 .text.UART_SetConfig
                0x08002110      0x340 Drivers/STM32F7xx_HAL_Driver/stm32f7xx_hal_uart.o
                0x08002110                UART_SetConfig
 .text.UART_AdvFeatureConfig
                0x08002450       0xc8 Drivers/STM32F7xx_HAL_Driver/stm32f7xx_hal_uart.o
                0x08002450                UART_AdvFeatureConfig
 .text.UART_CheckIdleState
                0x08002518       0x54 Drivers/STM32F7xx_HAL_Driver/stm32f7xx_hal_uart.o
                0x08002518                UART_CheckIdleState
 .text.HAL_UART_Init
                0x0800256c       0x6c Drivers/STM32F7xx_HAL_Driver/stm32f7xx_hal_uart.o
                0x0800256c                HAL_UART_Init
 .text.SystemInit
                0x080025d8       0x50 Drivers/CMSIS/system_stm32f7xx.o
                0x080025d8                SystemInit
 .text.QSPI_AutoPollingMemReady
                0x08002628       0x50 Drivers/BSP/STM32746G-Discovery/stm32746g_discovery_qspi.o
 .text.QSPI_ResetMemory
                0x08002678       0x60 Drivers/BSP/STM32746G-Discovery/stm32746g_discovery_qspi.o
 .text.QSPI_WriteEnable
                0x080026d8       0x6c Drivers/BSP/STM32746G-Discovery/stm32746g_discovery_qspi.o
 .text.QSPI_DummyCyclesCfg
                0x08002744       0xa4 Drivers/BSP/STM32746G-Discovery/stm32746g_discovery_qspi.o
 .text.BSP_QSPI_Read
                0x080027e8       0x64 Drivers/BSP/STM32746G-Discovery/stm32746g_discovery_qspi.o
                0x080027e8                BSP_QSPI_Read
 .text.BSP_QSPI_Write
                0x0800284c       0xb0 Drivers/BSP/STM32746G-Discovery/stm32746g_discovery_qspi.o
                0x0800284c                BSP_QSPI_Write
 .text.BSP_QSPI_Erase_Block
                0x080028fc       0x64 Drivers/BSP/STM32746G-Discovery/stm32746g_discovery_qspi.o
                0x080028fc                BSP_QSPI_Erase_Block
 .text.BSP_QSPI_MspInit
                0x08002960      0x134 Drivers/BSP/STM32746G-Discovery/stm32746g_discovery_qspi.o
                0x08002960                BSP_QSPI_MspInit
 .text.BSP_QSPI_Init
                0x08002a94       0x78 Drivers/BSP/STM32746G-Discovery/stm32746g_discovery_qspi.o
                0x08002a94                BSP_QSPI_Init
 .text.circularBuffer_CreateBuffer
                0x08002b0c       0x2c Application/User/Circ_Buff.o
                0x08002b0c                circularBuffer_CreateBuffer
 .text.circularBuffer_Read
                0x08002b38       0x14 Application/User/Circ_Buff.o
                0x08002b38                circularBuffer_Read
 .text.circularBuffer_Write
                0x08002b4c       0x18 Application/User/Circ_Buff.o
                0x08002b4c                circularBuffer_Write
 .text.MX_GPIO_Init
                0x08002b64      0x684 Application/User/gpio.o
                0x08002b64                MX_GPIO_Init
 .text.SystemClock_Config
                0x080031e8       0xb4 Application/User/main.o
                0x080031e8                SystemClock_Config
 .text.main     0x0800329c       0x38 Application/User/main.o
                0x0800329c                main
 .text.checkKey
                0x080032d4       0x44 Application/User/main.o
                0x080032d4                checkKey
 .text.QSPI_MemoryDump
                0x08003318       0x78 Application/User/main.o
                0x08003318                QSPI_MemoryDump
 .text.QSPI_WriteMem
                0x08003390      0x114 Application/User/main.o
                0x08003390                QSPI_WriteMem
 .text.HAL_UART_RxCpltCallback
                0x080034a4       0x5c Application/User/main.o
                0x080034a4                HAL_UART_RxCpltCallback
 .text.HAL_MspInit
                0x08003500       0x18 Application/User/stm32f7xx_hal_msp.o
                0x08003500                HAL_MspInit
 .text.SysTick_Handler
                0x08003518        0xc Application/User/stm32f7xx_it.o
                0x08003518                SysTick_Handler
 .text.USART1_IRQHandler
                0x08003524       0x10 Application/User/stm32f7xx_it.o
                0x08003524                USART1_IRQHandler
 .text.MX_USART1_UART_Init
                0x08003534       0x34 Application/User/usart.o
                0x08003534                MX_USART1_UART_Init
 .text.HAL_UART_MspInit
                0x08003568       0x78 Application/User/usart.o
                0x08003568                HAL_UART_MspInit
 .text.Reset_Handler
                0x080035e0       0x50 Application/SW4STM32/startup_stm32f746xx.o
                0x080035e0                Reset_Handler
 .text.Default_Handler
                0x08003630        0x2 Application/SW4STM32/startup_stm32f746xx.o
                0x08003630                RTC_Alarm_IRQHandler
                0x08003630                EXTI2_IRQHandler
                0x08003630                TIM8_CC_IRQHandler
                0x08003630                DebugMon_Handler
                0x08003630                UART8_IRQHandler
                0x08003630                SPI4_IRQHandler
                0x08003630                TIM1_CC_IRQHandler
                0x08003630                DMA2_Stream5_IRQHandler
                0x08003630                HardFault_Handler
                0x08003630                DMA1_Stream5_IRQHandler
                0x08003630                PVD_IRQHandler
                0x08003630                TAMP_STAMP_IRQHandler
                0x08003630                PendSV_Handler
                0x08003630                NMI_Handler
                0x08003630                CAN2_RX1_IRQHandler
                0x08003630                EXTI3_IRQHandler
                0x08003630                TIM8_TRG_COM_TIM14_IRQHandler
                0x08003630                TIM1_UP_TIM10_IRQHandler
                0x08003630                TIM8_UP_TIM13_IRQHandler
                0x08003630                I2C3_ER_IRQHandler
                0x08003630                EXTI0_IRQHandler
                0x08003630                I2C2_EV_IRQHandler
                0x08003630                DMA1_Stream2_IRQHandler
                0x08003630                CAN1_RX0_IRQHandler
                0x08003630                FPU_IRQHandler
                0x08003630                OTG_HS_WKUP_IRQHandler
                0x08003630                UsageFault_Handler
                0x08003630                LTDC_ER_IRQHandler
                0x08003630                CAN2_SCE_IRQHandler
                0x08003630                DMA2_Stream2_IRQHandler
                0x08003630                SPI1_IRQHandler
                0x08003630                TIM6_DAC_IRQHandler
                0x08003630                TIM1_BRK_TIM9_IRQHandler
                0x08003630                DCMI_IRQHandler
                0x08003630                CAN2_RX0_IRQHandler
                0x08003630                DMA2_Stream3_IRQHandler
                0x08003630                SAI2_IRQHandler
                0x08003630                USART6_IRQHandler
                0x08003630                USART3_IRQHandler
                0x08003630                CAN1_RX1_IRQHandler
                0x08003630                UART5_IRQHandler
                0x08003630                DMA2_Stream0_IRQHandler
                0x08003630                TIM4_IRQHandler
                0x08003630                QUADSPI_IRQHandler
                0x08003630                I2C1_EV_IRQHandler
                0x08003630                DMA1_Stream6_IRQHandler
                0x08003630                DMA1_Stream1_IRQHandler
                0x08003630                UART4_IRQHandler
                0x08003630                TIM3_IRQHandler
                0x08003630                RCC_IRQHandler
                0x08003630                TIM8_BRK_TIM12_IRQHandler
                0x08003630                Default_Handler
                0x08003630                CEC_IRQHandler
                0x08003630                EXTI15_10_IRQHandler
                0x08003630                ADC_IRQHandler
                0x08003630                DMA1_Stream7_IRQHandler
                0x08003630                SPI5_IRQHandler
                0x08003630                TIM7_IRQHandler
                0x08003630                SDMMC1_IRQHandler
                0x08003630                CAN2_TX_IRQHandler
                0x08003630                TIM5_IRQHandler
                0x08003630                DMA2_Stream7_IRQHandler
                0x08003630                I2C3_EV_IRQHandler
                0x08003630                EXTI9_5_IRQHandler
                0x08003630                RTC_WKUP_IRQHandler
                0x08003630                LTDC_IRQHandler
                0x08003630                ETH_WKUP_IRQHandler
                0x08003630                SPDIF_RX_IRQHandler
                0x08003630                SPI2_IRQHandler
                0x08003630                OTG_HS_EP1_IN_IRQHandler
                0x08003630                MemManage_Handler
                0x08003630                DMA1_Stream0_IRQHandler
                0x08003630                CAN1_TX_IRQHandler
                0x08003630                SVC_Handler
                0x08003630                EXTI4_IRQHandler
                0x08003630                RNG_IRQHandler
                0x08003630                ETH_IRQHandler
                0x08003630                OTG_HS_EP1_OUT_IRQHandler
                0x08003630                WWDG_IRQHandler
                0x08003630                SPI6_IRQHandler
                0x08003630                I2C4_EV_IRQHandler
                0x08003630                TIM2_IRQHandler
                0x08003630                OTG_FS_WKUP_IRQHandler
                0x08003630                TIM1_TRG_COM_TIM11_IRQHandler
                0x08003630                OTG_HS_IRQHandler
                0x08003630                DMA2D_IRQHandler
                0x08003630                EXTI1_IRQHandler
                0x08003630                UART7_IRQHandler
                0x08003630                USART2_IRQHandler
                0x08003630                I2C2_ER_IRQHandler
                0x08003630                DMA2_Stream1_IRQHandler
                0x08003630                CAN1_SCE_IRQHandler
                0x08003630                FLASH_IRQHandler
                0x08003630                DMA2_Stream4_IRQHandler
                0x08003630                BusFault_Handler
                0x08003630                OTG_FS_IRQHandler
                0x08003630                SPI3_IRQHandler
                0x08003630                DMA1_Stream4_IRQHandler
                0x08003630                I2C1_ER_IRQHandler
                0x08003630                FMC_IRQHandler
                0x08003630                LPTIM1_IRQHandler
                0x08003630                I2C4_ER_IRQHandler
                0x08003630                DMA2_Stream6_IRQHandler
                0x08003630                SAI1_IRQHandler
                0x08003630                DMA1_Stream3_IRQHandler
 *fill*         0x08003632        0x2 
 .text.calloc   0x08003634       0x14 /home/javier/Ac6/SystemWorkbench/plugins/fr.ac6.mcu.externaltools.arm-none.linux64_1.3.0.201507241112/tools/compiler/bin/../lib/gcc/arm-none-eabi/4.9.3/../../../../arm-none-eabi/lib/cortex-m7/fpu/fpv5-sp-d16/libc_nano.a(lib_a-calloc.o)
                0x08003634                calloc
 .text.__libc_init_array
                0x08003648       0x4c /home/javier/Ac6/SystemWorkbench/plugins/fr.ac6.mcu.externaltools.arm-none.linux64_1.3.0.201507241112/tools/compiler/bin/../lib/gcc/arm-none-eabi/4.9.3/../../../../arm-none-eabi/lib/cortex-m7/fpu/fpv5-sp-d16/libc_nano.a(lib_a-init.o)
                0x08003648                __libc_init_array
 .text.malloc   0x08003694       0x10 /home/javier/Ac6/SystemWorkbench/plugins/fr.ac6.mcu.externaltools.arm-none.linux64_1.3.0.201507241112/tools/compiler/bin/../lib/gcc/arm-none-eabi/4.9.3/../../../../arm-none-eabi/lib/cortex-m7/fpu/fpv5-sp-d16/libc_nano.a(lib_a-malloc.o)
                0x08003694                malloc
 .text.free     0x080036a4       0x10 /home/javier/Ac6/SystemWorkbench/plugins/fr.ac6.mcu.externaltools.arm-none.linux64_1.3.0.201507241112/tools/compiler/bin/../lib/gcc/arm-none-eabi/4.9.3/../../../../arm-none-eabi/lib/cortex-m7/fpu/fpv5-sp-d16/libc_nano.a(lib_a-malloc.o)
                0x080036a4                free
 .text.memset   0x080036b4       0x10 /home/javier/Ac6/SystemWorkbench/plugins/fr.ac6.mcu.externaltools.arm-none.linux64_1.3.0.201507241112/tools/compiler/bin/../lib/gcc/arm-none-eabi/4.9.3/../../../../arm-none-eabi/lib/cortex-m7/fpu/fpv5-sp-d16/libc_nano.a(lib_a-memset.o)
                0x080036b4                memset
 .text._calloc_r
                0x080036c4       0x1c /home/javier/Ac6/SystemWorkbench/plugins/fr.ac6.mcu.externaltools.arm-none.linux64_1.3.0.201507241112/tools/compiler/bin/../lib/gcc/arm-none-eabi/4.9.3/../../../../arm-none-eabi/lib/cortex-m7/fpu/fpv5-sp-d16/libc_nano.a(lib_a-nano-callocr.o)
                0x080036c4                _calloc_r
 .text._free_r  0x080036e0       0x88 /home/javier/Ac6/SystemWorkbench/plugins/fr.ac6.mcu.externaltools.arm-none.linux64_1.3.0.201507241112/tools/compiler/bin/../lib/gcc/arm-none-eabi/4.9.3/../../../../arm-none-eabi/lib/cortex-m7/fpu/fpv5-sp-d16/libc_nano.a(lib_a-nano-freer.o)
                0x080036e0                _free_r
 .text._malloc_r
                0x08003768       0xac /home/javier/Ac6/SystemWorkbench/plugins/fr.ac6.mcu.externaltools.arm-none.linux64_1.3.0.201507241112/tools/compiler/bin/../lib/gcc/arm-none-eabi/4.9.3/../../../../arm-none-eabi/lib/cortex-m7/fpu/fpv5-sp-d16/libc_nano.a(lib_a-nano-mallocr.o)
                0x08003768                _malloc_r
 .text._sbrk_r  0x08003814       0x20 /home/javier/Ac6/SystemWorkbench/plugins/fr.ac6.mcu.externaltools.arm-none.linux64_1.3.0.201507241112/tools/compiler/bin/../lib/gcc/arm-none-eabi/4.9.3/../../../../arm-none-eabi/lib/cortex-m7/fpu/fpv5-sp-d16/libc_nano.a(lib_a-sbrkr.o)
                0x08003814                _sbrk_r
 .text._sbrk    0x08003834       0x1c /home/javier/Ac6/SystemWorkbench/plugins/fr.ac6.mcu.externaltools.arm-none.linux64_1.3.0.201507241112/tools/compiler/bin/../lib/gcc/arm-none-eabi/4.9.3/../../../../arm-none-eabi/lib/cortex-m7/fpu/fpv5-sp-d16/libnosys.a(sbrk.o)
                0x08003834                _sbrk
 *(.glue_7)
 .glue_7        0x00000000        0x0 linker stubs
 *(.glue_7t)
 .glue_7t       0x00000000        0x0 linker stubs
 *(.eh_frame)
 .eh_frame      0x08003850        0x0 /home/javier/Ac6/SystemWorkbench/plugins/fr.ac6.mcu.externaltools.arm-none.linux64_1.3.0.201507241112/tools/compiler/bin/../lib/gcc/arm-none-eabi/4.9.3/cortex-m7/fpu/fpv5-sp-d16/crtbegin.o
 *(.init)
 .init          0x08003850        0x4 /home/javier/Ac6/SystemWorkbench/plugins/fr.ac6.mcu.externaltools.arm-none.linux64_1.3.0.201507241112/tools/compiler/bin/../lib/gcc/arm-none-eabi/4.9.3/cortex-m7/fpu/fpv5-sp-d16/crti.o
                0x08003850                _init
 .init          0x08003854        0x8 /home/javier/Ac6/SystemWorkbench/plugins/fr.ac6.mcu.externaltools.arm-none.linux64_1.3.0.201507241112/tools/compiler/bin/../lib/gcc/arm-none-eabi/4.9.3/cortex-m7/fpu/fpv5-sp-d16/crtn.o
 *(.fini)
 .fini          0x0800385c        0x4 /home/javier/Ac6/SystemWorkbench/plugins/fr.ac6.mcu.externaltools.arm-none.linux64_1.3.0.201507241112/tools/compiler/bin/../lib/gcc/arm-none-eabi/4.9.3/cortex-m7/fpu/fpv5-sp-d16/crti.o
                0x0800385c                _fini
 .fini          0x08003860        0x8 /home/javier/Ac6/SystemWorkbench/plugins/fr.ac6.mcu.externaltools.arm-none.linux64_1.3.0.201507241112/tools/compiler/bin/../lib/gcc/arm-none-eabi/4.9.3/cortex-m7/fpu/fpv5-sp-d16/crtn.o
                0x08003868                . = ALIGN (0x4)
                0x08003868                _etext = .

.vfp11_veneer   0x08003868        0x0
 .vfp11_veneer  0x00000000        0x0 linker stubs

.v4_bx          0x08003868        0x0
 .v4_bx         0x00000000        0x0 linker stubs

.iplt           0x08003868        0x0
 .iplt          0x00000000        0x0 /home/javier/Ac6/SystemWorkbench/plugins/fr.ac6.mcu.externaltools.arm-none.linux64_1.3.0.201507241112/tools/compiler/bin/../lib/gcc/arm-none-eabi/4.9.3/cortex-m7/fpu/fpv5-sp-d16/crtbegin.o

.rodata         0x08003868       0x14
                0x08003868                . = ALIGN (0x4)
 *(.rodata)
 .rodata        0x08003868       0x10 Drivers/STM32F7xx_HAL_Driver/stm32f7xx_hal_rcc.o
                0x08003868                APBAHBPrescTable
 *(.rodata*)
 .rodata.str1.1
                0x08003878        0x2 /home/javier/Ac6/SystemWorkbench/plugins/fr.ac6.mcu.externaltools.arm-none.linux64_1.3.0.201507241112/tools/compiler/bin/../lib/gcc/arm-none-eabi/4.9.3/../../../../arm-none-eabi/lib/cortex-m7/fpu/fpv5-sp-d16/libc_nano.a(lib_a-impure.o)
                0x0800387c                . = ALIGN (0x4)
 *fill*         0x0800387a        0x2 

.rel.dyn        0x0800387c        0x0
 .rel.iplt      0x00000000        0x0 /home/javier/Ac6/SystemWorkbench/plugins/fr.ac6.mcu.externaltools.arm-none.linux64_1.3.0.201507241112/tools/compiler/bin/../lib/gcc/arm-none-eabi/4.9.3/cortex-m7/fpu/fpv5-sp-d16/crtbegin.o

.ARM.extab
 *(.ARM.extab* .gnu.linkonce.armextab.*)

.ARM            0x0800387c        0x0
                0x0800387c                __exidx_start = .
 *(.ARM.exidx*)
                0x0800387c                __exidx_end = .

.preinit_array  0x0800387c        0x0
                0x0800387c                PROVIDE (__preinit_array_start, .)
 *(.preinit_array*)
                0x0800387c                PROVIDE (__preinit_array_end, .)

.init_array     0x0800387c        0x4
                0x0800387c                PROVIDE (__init_array_start, .)
 *(SORT(.init_array.*))
 *(.init_array*)
 .init_array    0x0800387c        0x4 /home/javier/Ac6/SystemWorkbench/plugins/fr.ac6.mcu.externaltools.arm-none.linux64_1.3.0.201507241112/tools/compiler/bin/../lib/gcc/arm-none-eabi/4.9.3/cortex-m7/fpu/fpv5-sp-d16/crtbegin.o
                0x08003880                PROVIDE (__init_array_end, .)

.fini_array     0x08003880        0x4
                0x08003880                PROVIDE (__fini_array_start, .)
 *(SORT(.fini_array.*))
 *(.fini_array*)
 .fini_array    0x08003880        0x4 /home/javier/Ac6/SystemWorkbench/plugins/fr.ac6.mcu.externaltools.arm-none.linux64_1.3.0.201507241112/tools/compiler/bin/../lib/gcc/arm-none-eabi/4.9.3/cortex-m7/fpu/fpv5-sp-d16/crtbegin.o
                0x08003884                PROVIDE (__fini_array_end, .)
                0x08003884                _sidata = LOADADDR (.data)

.data           0x20000000       0x68 load address 0x08003884
                0x20000000                . = ALIGN (0x4)
                0x20000000                _sdata = .
 *(.data)
 .data          0x20000000        0x4 Drivers/CMSIS/system_stm32f7xx.o
                0x20000000                SystemCoreClock
 *(.data*)
 .data.impure_data
                0x20000004       0x60 /home/javier/Ac6/SystemWorkbench/plugins/fr.ac6.mcu.externaltools.arm-none.linux64_1.3.0.201507241112/tools/compiler/bin/../lib/gcc/arm-none-eabi/4.9.3/../../../../arm-none-eabi/lib/cortex-m7/fpu/fpv5-sp-d16/libc_nano.a(lib_a-impure.o)
 .data._impure_ptr
                0x20000064        0x4 /home/javier/Ac6/SystemWorkbench/plugins/fr.ac6.mcu.externaltools.arm-none.linux64_1.3.0.201507241112/tools/compiler/bin/../lib/gcc/arm-none-eabi/4.9.3/../../../../arm-none-eabi/lib/cortex-m7/fpu/fpv5-sp-d16/libc_nano.a(lib_a-impure.o)
                0x20000064                _impure_ptr
                0x20000068                . = ALIGN (0x4)
                0x20000068                _edata = .

.jcr            0x20000068        0x0 load address 0x080038ec
 .jcr           0x20000068        0x0 /home/javier/Ac6/SystemWorkbench/plugins/fr.ac6.mcu.externaltools.arm-none.linux64_1.3.0.201507241112/tools/compiler/bin/../lib/gcc/arm-none-eabi/4.9.3/cortex-m7/fpu/fpv5-sp-d16/crtbegin.o

.igot.plt       0x20000068        0x0 load address 0x080038ec
 .igot.plt      0x00000000        0x0 /home/javier/Ac6/SystemWorkbench/plugins/fr.ac6.mcu.externaltools.arm-none.linux64_1.3.0.201507241112/tools/compiler/bin/../lib/gcc/arm-none-eabi/4.9.3/cortex-m7/fpu/fpv5-sp-d16/crtbegin.o
                0x20000068                . = ALIGN (0x4)

.bss            0x20000068       0xf0 load address 0x080038ec
                0x20000068                _sbss = .
                0x20000068                __bss_start__ = _sbss
 *(.bss)
 .bss           0x20000068       0x1c /home/javier/Ac6/SystemWorkbench/plugins/fr.ac6.mcu.externaltools.arm-none.linux64_1.3.0.201507241112/tools/compiler/bin/../lib/gcc/arm-none-eabi/4.9.3/cortex-m7/fpu/fpv5-sp-d16/crtbegin.o
 .bss           0x20000084        0x4 Drivers/STM32F7xx_HAL_Driver/stm32f7xx_hal.o
 .bss           0x20000088        0x1 Application/User/main.o
 *(.bss*)
 *fill*         0x20000089        0x3 
 .bss.__malloc_sbrk_start
                0x2000008c        0x4 /home/javier/Ac6/SystemWorkbench/plugins/fr.ac6.mcu.externaltools.arm-none.linux64_1.3.0.201507241112/tools/compiler/bin/../lib/gcc/arm-none-eabi/4.9.3/../../../../arm-none-eabi/lib/cortex-m7/fpu/fpv5-sp-d16/libc_nano.a(lib_a-nano-mallocr.o)
                0x2000008c                __malloc_sbrk_start
 .bss.__malloc_free_list
                0x20000090        0x4 /home/javier/Ac6/SystemWorkbench/plugins/fr.ac6.mcu.externaltools.arm-none.linux64_1.3.0.201507241112/tools/compiler/bin/../lib/gcc/arm-none-eabi/4.9.3/../../../../arm-none-eabi/lib/cortex-m7/fpu/fpv5-sp-d16/libc_nano.a(lib_a-nano-mallocr.o)
                0x20000090                __malloc_free_list
 .bss.heap_end.4079
                0x20000094        0x4 /home/javier/Ac6/SystemWorkbench/plugins/fr.ac6.mcu.externaltools.arm-none.linux64_1.3.0.201507241112/tools/compiler/bin/../lib/gcc/arm-none-eabi/4.9.3/../../../../arm-none-eabi/lib/cortex-m7/fpu/fpv5-sp-d16/libnosys.a(sbrk.o)
 *(COMMON)
 COMMON         0x20000098       0x44 Drivers/BSP/STM32746G-Discovery/stm32746g_discovery_qspi.o
                0x20000098                QSPIHandle
 COMMON         0x200000dc        0x5 Application/User/main.o
                0x200000dc                passBuffer
                0x200000e0                singleByteBuffer
 *fill*         0x200000e1        0x3 
 COMMON         0x200000e4       0x70 Application/User/usart.o
                0x200000e4                huart1
 COMMON         0x20000154        0x4 /home/javier/Ac6/SystemWorkbench/plugins/fr.ac6.mcu.externaltools.arm-none.linux64_1.3.0.201507241112/tools/compiler/bin/../lib/gcc/arm-none-eabi/4.9.3/../../../../arm-none-eabi/lib/cortex-m7/fpu/fpv5-sp-d16/libc_nano.a(lib_a-reent.o)
                0x20000154                errno
                0x20000158                . = ALIGN (0x4)
                0x20000158                _ebss = .
                0x20000158                __bss_end__ = _ebss

._user_heap_stack
                0x20000158      0x600 load address 0x080038ec
                0x20000158                . = ALIGN (0x8)
                0x20000158                PROVIDE (end, .)
                0x20000158                PROVIDE (_end, .)
                0x20000558                . = (. + _Min_Heap_Size)
 *fill*         0x20000158      0x400 
                0x20000758                . = (. + _Min_Stack_Size)
 *fill*         0x20000558      0x200 
                0x20000758                . = ALIGN (0x8)

/DISCARD/
 libc.a(*)
 libm.a(*)
 libgcc.a(*)

.ARM.attributes
                0x00000000       0x35
 *(.ARM.attributes)
 .ARM.attributes
                0x00000000       0x27 /home/javier/Ac6/SystemWorkbench/plugins/fr.ac6.mcu.externaltools.arm-none.linux64_1.3.0.201507241112/tools/compiler/bin/../lib/gcc/arm-none-eabi/4.9.3/cortex-m7/fpu/fpv5-sp-d16/crti.o
 .ARM.attributes
                0x00000027       0x39 /home/javier/Ac6/SystemWorkbench/plugins/fr.ac6.mcu.externaltools.arm-none.linux64_1.3.0.201507241112/tools/compiler/bin/../lib/gcc/arm-none-eabi/4.9.3/cortex-m7/fpu/fpv5-sp-d16/crtbegin.o
 .ARM.attributes
                0x00000060       0x39 Drivers/STM32F7xx_HAL_Driver/stm32f7xx_hal.o
 .ARM.attributes
                0x00000099       0x39 Drivers/STM32F7xx_HAL_Driver/stm32f7xx_hal_cortex.o
 .ARM.attributes
                0x000000d2       0x39 Drivers/STM32F7xx_HAL_Driver/stm32f7xx_hal_gpio.o
 .ARM.attributes
                0x0000010b       0x39 Drivers/STM32F7xx_HAL_Driver/stm32f7xx_hal_qspi.o
 .ARM.attributes
                0x00000144       0x39 Drivers/STM32F7xx_HAL_Driver/stm32f7xx_hal_rcc.o
 .ARM.attributes
                0x0000017d       0x39 Drivers/STM32F7xx_HAL_Driver/stm32f7xx_hal_rcc_ex.o
 .ARM.attributes
                0x000001b6       0x39 Drivers/STM32F7xx_HAL_Driver/stm32f7xx_hal_uart.o
 .ARM.attributes
                0x000001ef       0x39 Drivers/CMSIS/system_stm32f7xx.o
 .ARM.attributes
                0x00000228       0x39 Drivers/BSP/STM32746G-Discovery/stm32746g_discovery_qspi.o
 .ARM.attributes
                0x00000261       0x39 Application/User/Circ_Buff.o
 .ARM.attributes
                0x0000029a       0x39 Application/User/gpio.o
 .ARM.attributes
                0x000002d3       0x39 Application/User/main.o
 .ARM.attributes
                0x0000030c       0x39 Application/User/stm32f7xx_hal_msp.o
 .ARM.attributes
                0x00000345       0x39 Application/User/stm32f7xx_it.o
 .ARM.attributes
                0x0000037e       0x39 Application/User/usart.o
 .ARM.attributes
                0x000003b7       0x21 Application/SW4STM32/startup_stm32f746xx.o
 .ARM.attributes
                0x000003d8       0x39 /home/javier/Ac6/SystemWorkbench/plugins/fr.ac6.mcu.externaltools.arm-none.linux64_1.3.0.201507241112/tools/compiler/bin/../lib/gcc/arm-none-eabi/4.9.3/../../../../arm-none-eabi/lib/cortex-m7/fpu/fpv5-sp-d16/libc_nano.a(lib_a-calloc.o)
 .ARM.attributes
                0x00000411       0x39 /home/javier/Ac6/SystemWorkbench/plugins/fr.ac6.mcu.externaltools.arm-none.linux64_1.3.0.201507241112/tools/compiler/bin/../lib/gcc/arm-none-eabi/4.9.3/../../../../arm-none-eabi/lib/cortex-m7/fpu/fpv5-sp-d16/libc_nano.a(lib_a-impure.o)
 .ARM.attributes
                0x0000044a       0x39 /home/javier/Ac6/SystemWorkbench/plugins/fr.ac6.mcu.externaltools.arm-none.linux64_1.3.0.201507241112/tools/compiler/bin/../lib/gcc/arm-none-eabi/4.9.3/../../../../arm-none-eabi/lib/cortex-m7/fpu/fpv5-sp-d16/libc_nano.a(lib_a-init.o)
 .ARM.attributes
                0x00000483       0x39 /home/javier/Ac6/SystemWorkbench/plugins/fr.ac6.mcu.externaltools.arm-none.linux64_1.3.0.201507241112/tools/compiler/bin/../lib/gcc/arm-none-eabi/4.9.3/../../../../arm-none-eabi/lib/cortex-m7/fpu/fpv5-sp-d16/libc_nano.a(lib_a-malloc.o)
 .ARM.attributes
                0x000004bc       0x39 /home/javier/Ac6/SystemWorkbench/plugins/fr.ac6.mcu.externaltools.arm-none.linux64_1.3.0.201507241112/tools/compiler/bin/../lib/gcc/arm-none-eabi/4.9.3/../../../../arm-none-eabi/lib/cortex-m7/fpu/fpv5-sp-d16/libc_nano.a(lib_a-memset.o)
 .ARM.attributes
                0x000004f5       0x39 /home/javier/Ac6/SystemWorkbench/plugins/fr.ac6.mcu.externaltools.arm-none.linux64_1.3.0.201507241112/tools/compiler/bin/../lib/gcc/arm-none-eabi/4.9.3/../../../../arm-none-eabi/lib/cortex-m7/fpu/fpv5-sp-d16/libc_nano.a(lib_a-nano-callocr.o)
 .ARM.attributes
                0x0000052e       0x39 /home/javier/Ac6/SystemWorkbench/plugins/fr.ac6.mcu.externaltools.arm-none.linux64_1.3.0.201507241112/tools/compiler/bin/../lib/gcc/arm-none-eabi/4.9.3/../../../../arm-none-eabi/lib/cortex-m7/fpu/fpv5-sp-d16/libc_nano.a(lib_a-nano-freer.o)
 .ARM.attributes
                0x00000567       0x39 /home/javier/Ac6/SystemWorkbench/plugins/fr.ac6.mcu.externaltools.arm-none.linux64_1.3.0.201507241112/tools/compiler/bin/../lib/gcc/arm-none-eabi/4.9.3/../../../../arm-none-eabi/lib/cortex-m7/fpu/fpv5-sp-d16/libc_nano.a(lib_a-nano-mallocr.o)
 .ARM.attributes
                0x000005a0       0x39 /home/javier/Ac6/SystemWorkbench/plugins/fr.ac6.mcu.externaltools.arm-none.linux64_1.3.0.201507241112/tools/compiler/bin/../lib/gcc/arm-none-eabi/4.9.3/../../../../arm-none-eabi/lib/cortex-m7/fpu/fpv5-sp-d16/libc_nano.a(lib_a-sbrkr.o)
 .ARM.attributes
                0x000005d9       0x39 /home/javier/Ac6/SystemWorkbench/plugins/fr.ac6.mcu.externaltools.arm-none.linux64_1.3.0.201507241112/tools/compiler/bin/../lib/gcc/arm-none-eabi/4.9.3/../../../../arm-none-eabi/lib/cortex-m7/fpu/fpv5-sp-d16/libc_nano.a(lib_a-reent.o)
 .ARM.attributes
                0x00000612       0x39 /home/javier/Ac6/SystemWorkbench/plugins/fr.ac6.mcu.externaltools.arm-none.linux64_1.3.0.201507241112/tools/compiler/bin/../lib/gcc/arm-none-eabi/4.9.3/../../../../arm-none-eabi/lib/cortex-m7/fpu/fpv5-sp-d16/libnosys.a(sbrk.o)
 .ARM.attributes
                0x0000064b       0x27 /home/javier/Ac6/SystemWorkbench/plugins/fr.ac6.mcu.externaltools.arm-none.linux64_1.3.0.201507241112/tools/compiler/bin/../lib/gcc/arm-none-eabi/4.9.3/cortex-m7/fpu/fpv5-sp-d16/crtn.o
OUTPUT(QSPI_Programmer.elf elf32-littlearm)

.debug_info     0x00000000     0xc566
 .debug_info    0x00000000      0x939 Drivers/STM32F7xx_HAL_Driver/stm32f7xx_hal.o
 .debug_info    0x00000939     0x10c2 Drivers/STM32F7xx_HAL_Driver/stm32f7xx_hal_cortex.o
 .debug_info    0x000019fb      0x72e Drivers/STM32F7xx_HAL_Driver/stm32f7xx_hal_gpio.o
 .debug_info    0x00002129     0x14f1 Drivers/STM32F7xx_HAL_Driver/stm32f7xx_hal_qspi.o
 .debug_info    0x0000361a      0xd65 Drivers/STM32F7xx_HAL_Driver/stm32f7xx_hal_rcc.o
 .debug_info    0x0000437f     0x10a0 Drivers/STM32F7xx_HAL_Driver/stm32f7xx_hal_rcc_ex.o
 .debug_info    0x0000541f     0x1554 Drivers/STM32F7xx_HAL_Driver/stm32f7xx_hal_uart.o
 .debug_info    0x00006973      0x6a2 Drivers/CMSIS/system_stm32f7xx.o
 .debug_info    0x00007015     0x1855 Drivers/BSP/STM32746G-Discovery/stm32746g_discovery_qspi.o
 .debug_info    0x0000886a      0x2ea Application/User/Circ_Buff.o
 .debug_info    0x00008b54      0xc87 Application/User/gpio.o
 .debug_info    0x000097db     0x14e9 Application/User/main.o
 .debug_info    0x0000acc4      0x3d3 Application/User/stm32f7xx_hal_msp.o
 .debug_info    0x0000b097      0x677 Application/User/stm32f7xx_it.o
 .debug_info    0x0000b70e      0xd7a Application/User/usart.o
 .debug_info    0x0000c488       0xde Application/SW4STM32/startup_stm32f746xx.o

.debug_abbrev   0x00000000     0x1dee
 .debug_abbrev  0x00000000      0x1f7 Drivers/STM32F7xx_HAL_Driver/stm32f7xx_hal.o
 .debug_abbrev  0x000001f7      0x2cf Drivers/STM32F7xx_HAL_Driver/stm32f7xx_hal_cortex.o
 .debug_abbrev  0x000004c6      0x1cb Drivers/STM32F7xx_HAL_Driver/stm32f7xx_hal_gpio.o
 .debug_abbrev  0x00000691      0x25a Drivers/STM32F7xx_HAL_Driver/stm32f7xx_hal_qspi.o
 .debug_abbrev  0x000008eb      0x2f3 Drivers/STM32F7xx_HAL_Driver/stm32f7xx_hal_rcc.o
 .debug_abbrev  0x00000bde      0x238 Drivers/STM32F7xx_HAL_Driver/stm32f7xx_hal_rcc_ex.o
 .debug_abbrev  0x00000e16      0x23f Drivers/STM32F7xx_HAL_Driver/stm32f7xx_hal_uart.o
 .debug_abbrev  0x00001055      0x120 Drivers/CMSIS/system_stm32f7xx.o
 .debug_abbrev  0x00001175      0x2c8 Drivers/BSP/STM32746G-Discovery/stm32746g_discovery_qspi.o
 .debug_abbrev  0x0000143d      0x196 Application/User/Circ_Buff.o
 .debug_abbrev  0x000015d3      0x169 Application/User/gpio.o
 .debug_abbrev  0x0000173c      0x2a9 Application/User/main.o
 .debug_abbrev  0x000019e5       0xd1 Application/User/stm32f7xx_hal_msp.o
 .debug_abbrev  0x00001ab6      0x156 Application/User/stm32f7xx_it.o
 .debug_abbrev  0x00001c0c      0x1d0 Application/User/usart.o
 .debug_abbrev  0x00001ddc       0x12 Application/SW4STM32/startup_stm32f746xx.o

.debug_loc      0x00000000     0x4429
 .debug_loc     0x00000000       0x6a Drivers/STM32F7xx_HAL_Driver/stm32f7xx_hal.o
 .debug_loc     0x0000006a      0x4cd Drivers/STM32F7xx_HAL_Driver/stm32f7xx_hal_cortex.o
 .debug_loc     0x00000537      0x35c Drivers/STM32F7xx_HAL_Driver/stm32f7xx_hal_gpio.o
 .debug_loc     0x00000893     0x1106 Drivers/STM32F7xx_HAL_Driver/stm32f7xx_hal_qspi.o
 .debug_loc     0x00001999      0x792 Drivers/STM32F7xx_HAL_Driver/stm32f7xx_hal_rcc.o
 .debug_loc     0x0000212b      0xbe8 Drivers/STM32F7xx_HAL_Driver/stm32f7xx_hal_rcc_ex.o
 .debug_loc     0x00002d13     0x106f Drivers/STM32F7xx_HAL_Driver/stm32f7xx_hal_uart.o
 .debug_loc     0x00003d82      0x137 Drivers/CMSIS/system_stm32f7xx.o
 .debug_loc     0x00003eb9      0x343 Drivers/BSP/STM32746G-Discovery/stm32746g_discovery_qspi.o
 .debug_loc     0x000041fc       0xe1 Application/User/Circ_Buff.o
 .debug_loc     0x000042dd       0xff Application/User/main.o
 .debug_loc     0x000043dc       0x4d Application/User/usart.o

.debug_aranges  0x00000000      0x718
 .debug_aranges
                0x00000000       0xd0 Drivers/STM32F7xx_HAL_Driver/stm32f7xx_hal.o
 .debug_aranges
                0x000000d0       0x98 Drivers/STM32F7xx_HAL_Driver/stm32f7xx_hal_cortex.o
 .debug_aranges
                0x00000168       0x58 Drivers/STM32F7xx_HAL_Driver/stm32f7xx_hal_gpio.o
 .debug_aranges
                0x000001c0      0x138 Drivers/STM32F7xx_HAL_Driver/stm32f7xx_hal_qspi.o
 .debug_aranges
                0x000002f8       0x88 Drivers/STM32F7xx_HAL_Driver/stm32f7xx_hal_rcc.o
 .debug_aranges
                0x00000380       0x30 Drivers/STM32F7xx_HAL_Driver/stm32f7xx_hal_rcc_ex.o
 .debug_aranges
                0x000003b0      0x168 Drivers/STM32F7xx_HAL_Driver/stm32f7xx_hal_uart.o
 .debug_aranges
                0x00000518       0x28 Drivers/CMSIS/system_stm32f7xx.o
 .debug_aranges
                0x00000540       0x90 Drivers/BSP/STM32746G-Discovery/stm32746g_discovery_qspi.o
 .debug_aranges
                0x000005d0       0x40 Application/User/Circ_Buff.o
 .debug_aranges
                0x00000610       0x20 Application/User/gpio.o
 .debug_aranges
                0x00000630       0x48 Application/User/main.o
 .debug_aranges
                0x00000678       0x20 Application/User/stm32f7xx_hal_msp.o
 .debug_aranges
                0x00000698       0x28 Application/User/stm32f7xx_it.o
 .debug_aranges
                0x000006c0       0x30 Application/User/usart.o
 .debug_aranges
                0x000006f0       0x28 Application/SW4STM32/startup_stm32f746xx.o

.debug_ranges   0x00000000      0x620
 .debug_ranges  0x00000000       0xc0 Drivers/STM32F7xx_HAL_Driver/stm32f7xx_hal.o
 .debug_ranges  0x000000c0       0x88 Drivers/STM32F7xx_HAL_Driver/stm32f7xx_hal_cortex.o
 .debug_ranges  0x00000148       0x48 Drivers/STM32F7xx_HAL_Driver/stm32f7xx_hal_gpio.o
 .debug_ranges  0x00000190      0x128 Drivers/STM32F7xx_HAL_Driver/stm32f7xx_hal_qspi.o
 .debug_ranges  0x000002b8       0x78 Drivers/STM32F7xx_HAL_Driver/stm32f7xx_hal_rcc.o
 .debug_ranges  0x00000330       0x20 Drivers/STM32F7xx_HAL_Driver/stm32f7xx_hal_rcc_ex.o
 .debug_ranges  0x00000350      0x158 Drivers/STM32F7xx_HAL_Driver/stm32f7xx_hal_uart.o
 .debug_ranges  0x000004a8       0x18 Drivers/CMSIS/system_stm32f7xx.o
 .debug_ranges  0x000004c0       0x80 Drivers/BSP/STM32746G-Discovery/stm32746g_discovery_qspi.o
 .debug_ranges  0x00000540       0x30 Application/User/Circ_Buff.o
 .debug_ranges  0x00000570       0x10 Application/User/gpio.o
 .debug_ranges  0x00000580       0x38 Application/User/main.o
 .debug_ranges  0x000005b8       0x10 Application/User/stm32f7xx_hal_msp.o
 .debug_ranges  0x000005c8       0x18 Application/User/stm32f7xx_it.o
 .debug_ranges  0x000005e0       0x20 Application/User/usart.o
 .debug_ranges  0x00000600       0x20 Application/SW4STM32/startup_stm32f746xx.o

.debug_macro    0x00000000    0x1720e
 .debug_macro   0x00000000      0x2ca Drivers/STM32F7xx_HAL_Driver/stm32f7xx_hal.o
 .debug_macro   0x000002ca      0x880 Drivers/STM32F7xx_HAL_Driver/stm32f7xx_hal.o
 .debug_macro   0x00000b4a      0x6d7 Drivers/STM32F7xx_HAL_Driver/stm32f7xx_hal.o
 .debug_macro   0x00001221      0x1a7 Drivers/STM32F7xx_HAL_Driver/stm32f7xx_hal.o
 .debug_macro   0x000013c8       0x2e Drivers/STM32F7xx_HAL_Driver/stm32f7xx_hal.o
 .debug_macro   0x000013f6       0x3b Drivers/STM32F7xx_HAL_Driver/stm32f7xx_hal.o
 .debug_macro   0x00001431       0x22 Drivers/STM32F7xx_HAL_Driver/stm32f7xx_hal.o
 .debug_macro   0x00001453       0x44 Drivers/STM32F7xx_HAL_Driver/stm32f7xx_hal.o
 .debug_macro   0x00001497       0x1c Drivers/STM32F7xx_HAL_Driver/stm32f7xx_hal.o
 .debug_macro   0x000014b3      0x1f7 Drivers/STM32F7xx_HAL_Driver/stm32f7xx_hal.o
 .debug_macro   0x000016aa       0x35 Drivers/STM32F7xx_HAL_Driver/stm32f7xx_hal.o
 .debug_macro   0x000016df       0x50 Drivers/STM32F7xx_HAL_Driver/stm32f7xx_hal.o
 .debug_macro   0x0000172f     0x1114 Drivers/STM32F7xx_HAL_Driver/stm32f7xx_hal.o
 .debug_macro   0x00002843     0xa75c Drivers/STM32F7xx_HAL_Driver/stm32f7xx_hal.o
 .debug_macro   0x0000cf9f       0x43 Drivers/STM32F7xx_HAL_Driver/stm32f7xx_hal.o
 .debug_macro   0x0000cfe2     0x32ff Drivers/STM32F7xx_HAL_Driver/stm32f7xx_hal.o
 .debug_macro   0x000102e1       0x58 Drivers/STM32F7xx_HAL_Driver/stm32f7xx_hal.o
 .debug_macro   0x00010339       0x35 Drivers/STM32F7xx_HAL_Driver/stm32f7xx_hal.o
 .debug_macro   0x0001036e       0x9c Drivers/STM32F7xx_HAL_Driver/stm32f7xx_hal.o
 .debug_macro   0x0001040a       0x16 Drivers/STM32F7xx_HAL_Driver/stm32f7xx_hal.o
 .debug_macro   0x00010420       0x97 Drivers/STM32F7xx_HAL_Driver/stm32f7xx_hal.o
 .debug_macro   0x000104b7      0x29d Drivers/STM32F7xx_HAL_Driver/stm32f7xx_hal.o
 .debug_macro   0x00010754       0xef Drivers/STM32F7xx_HAL_Driver/stm32f7xx_hal.o
 .debug_macro   0x00010843       0x10 Drivers/STM32F7xx_HAL_Driver/stm32f7xx_hal.o
 .debug_macro   0x00010853       0x52 Drivers/STM32F7xx_HAL_Driver/stm32f7xx_hal.o
 .debug_macro   0x000108a5       0x16 Drivers/STM32F7xx_HAL_Driver/stm32f7xx_hal.o
 .debug_macro   0x000108bb       0x43 Drivers/STM32F7xx_HAL_Driver/stm32f7xx_hal.o
 .debug_macro   0x000108fe      0x180 Drivers/STM32F7xx_HAL_Driver/stm32f7xx_hal.o
 .debug_macro   0x00010a7e       0x10 Drivers/STM32F7xx_HAL_Driver/stm32f7xx_hal.o
 .debug_macro   0x00010a8e       0x22 Drivers/STM32F7xx_HAL_Driver/stm32f7xx_hal.o
 .debug_macro   0x00010ab0       0xbd Drivers/STM32F7xx_HAL_Driver/stm32f7xx_hal.o
 .debug_macro   0x00010b6d       0x16 Drivers/STM32F7xx_HAL_Driver/stm32f7xx_hal.o
 .debug_macro   0x00010b83      0x196 Drivers/STM32F7xx_HAL_Driver/stm32f7xx_hal.o
 .debug_macro   0x00010d19       0x50 Drivers/STM32F7xx_HAL_Driver/stm32f7xx_hal.o
 .debug_macro   0x00010d69      0x5c9 Drivers/STM32F7xx_HAL_Driver/stm32f7xx_hal.o
 .debug_macro   0x00011332     0x18a6 Drivers/STM32F7xx_HAL_Driver/stm32f7xx_hal.o
 .debug_macro   0x00012bd8       0xdd Drivers/STM32F7xx_HAL_Driver/stm32f7xx_hal.o
 .debug_macro   0x00012cb5      0x11e Drivers/STM32F7xx_HAL_Driver/stm32f7xx_hal.o
 .debug_macro   0x00012dd3      0x1f3 Drivers/STM32F7xx_HAL_Driver/stm32f7xx_hal.o
 .debug_macro   0x00012fc6       0x27 Drivers/STM32F7xx_HAL_Driver/stm32f7xx_hal.o
 .debug_macro   0x00012fed      0x272 Drivers/STM32F7xx_HAL_Driver/stm32f7xx_hal.o
 .debug_macro   0x0001325f       0x5f Drivers/STM32F7xx_HAL_Driver/stm32f7xx_hal.o
 .debug_macro   0x000132be      0x23a Drivers/STM32F7xx_HAL_Driver/stm32f7xx_hal.o
 .debug_macro   0x000134f8      0x111 Drivers/STM32F7xx_HAL_Driver/stm32f7xx_hal.o
 .debug_macro   0x00013609      0x293 Drivers/STM32F7xx_HAL_Driver/stm32f7xx_hal.o
 .debug_macro   0x0001389c       0x12 Drivers/STM32F7xx_HAL_Driver/stm32f7xx_hal.o
 .debug_macro   0x000138ae      0x1d0 Drivers/STM32F7xx_HAL_Driver/stm32f7xx_hal.o
 .debug_macro   0x00013a7e       0x22 Drivers/STM32F7xx_HAL_Driver/stm32f7xx_hal.o
 .debug_macro   0x00013aa0       0x66 Drivers/STM32F7xx_HAL_Driver/stm32f7xx_hal.o
 .debug_macro   0x00013b06      0x133 Drivers/STM32F7xx_HAL_Driver/stm32f7xx_hal.o
 .debug_macro   0x00013c39      0x10c Drivers/STM32F7xx_HAL_Driver/stm32f7xx_hal.o
 .debug_macro   0x00013d45       0x3c Drivers/STM32F7xx_HAL_Driver/stm32f7xx_hal.o
 .debug_macro   0x00013d81      0x2db Drivers/STM32F7xx_HAL_Driver/stm32f7xx_hal.o
 .debug_macro   0x0001405c      0x2e2 Drivers/STM32F7xx_HAL_Driver/stm32f7xx_hal.o
 .debug_macro   0x0001433e      0x4e8 Drivers/STM32F7xx_HAL_Driver/stm32f7xx_hal.o
 .debug_macro   0x00014826       0x47 Drivers/STM32F7xx_HAL_Driver/stm32f7xx_hal.o
 .debug_macro   0x0001486d      0x130 Drivers/STM32F7xx_HAL_Driver/stm32f7xx_hal.o
 .debug_macro   0x0001499d      0x2a6 Drivers/STM32F7xx_HAL_Driver/stm32f7xx_hal_cortex.o
 .debug_macro   0x00014c43      0x2de Drivers/STM32F7xx_HAL_Driver/stm32f7xx_hal_gpio.o
 .debug_macro   0x00014f21      0x2ca Drivers/STM32F7xx_HAL_Driver/stm32f7xx_hal_qspi.o
 .debug_macro   0x000151eb      0x2ca Drivers/STM32F7xx_HAL_Driver/stm32f7xx_hal_rcc.o
 .debug_macro   0x000154b5      0x2b2 Drivers/STM32F7xx_HAL_Driver/stm32f7xx_hal_rcc_ex.o
 .debug_macro   0x00015767      0x2ae Drivers/STM32F7xx_HAL_Driver/stm32f7xx_hal_uart.o
 .debug_macro   0x00015a15      0x29d Drivers/CMSIS/system_stm32f7xx.o
 .debug_macro   0x00015cb2      0x2be Drivers/BSP/STM32746G-Discovery/stm32746g_discovery_qspi.o
 .debug_macro   0x00015f70      0x1ef Drivers/BSP/STM32746G-Discovery/stm32746g_discovery_qspi.o
 .debug_macro   0x0001615f       0xb2 Drivers/BSP/STM32746G-Discovery/stm32746g_discovery_qspi.o
 .debug_macro   0x00016211      0x164 Application/User/Circ_Buff.o
 .debug_macro   0x00016375       0x16 Application/User/Circ_Buff.o
 .debug_macro   0x0001638b       0x35 Application/User/Circ_Buff.o
 .debug_macro   0x000163c0       0x16 Application/User/Circ_Buff.o
 .debug_macro   0x000163d6       0x29 Application/User/Circ_Buff.o
 .debug_macro   0x000163ff      0x2b0 Application/User/gpio.o
 .debug_macro   0x000166af      0x339 Application/User/main.o
 .debug_macro   0x000169e8       0x16 Application/User/main.o
 .debug_macro   0x000169fe      0x2a6 Application/User/stm32f7xx_hal_msp.o
 .debug_macro   0x00016ca4      0x2b0 Application/User/stm32f7xx_it.o
 .debug_macro   0x00016f54      0x2ba Application/User/usart.o

.debug_line     0x00000000     0x8fb9
 .debug_line    0x00000000      0x937 Drivers/STM32F7xx_HAL_Driver/stm32f7xx_hal.o
 .debug_line    0x00000937      0x966 Drivers/STM32F7xx_HAL_Driver/stm32f7xx_hal_cortex.o
 .debug_line    0x0000129d      0x91d Drivers/STM32F7xx_HAL_Driver/stm32f7xx_hal_gpio.o
 .debug_line    0x00001bba      0xca0 Drivers/STM32F7xx_HAL_Driver/stm32f7xx_hal_qspi.o
 .debug_line    0x0000285a      0xae2 Drivers/STM32F7xx_HAL_Driver/stm32f7xx_hal_rcc.o
 .debug_line    0x0000333c      0xb4d Drivers/STM32F7xx_HAL_Driver/stm32f7xx_hal_rcc_ex.o
 .debug_line    0x00003e89     0x100a Drivers/STM32F7xx_HAL_Driver/stm32f7xx_hal_uart.o
 .debug_line    0x00004e93      0x7d6 Drivers/CMSIS/system_stm32f7xx.o
 .debug_line    0x00005669      0xa35 Drivers/BSP/STM32746G-Discovery/stm32746g_discovery_qspi.o
 .debug_line    0x0000609e      0x432 Application/User/Circ_Buff.o
 .debug_line    0x000064d0      0x8e2 Application/User/gpio.o
 .debug_line    0x00006db2      0xa1c Application/User/main.o
 .debug_line    0x000077ce      0x790 Application/User/stm32f7xx_hal_msp.o
 .debug_line    0x00007f5e      0x7ae Application/User/stm32f7xx_it.o
 .debug_line    0x0000870c      0x7db Application/User/usart.o
 .debug_line    0x00008ee7       0xd2 Application/SW4STM32/startup_stm32f746xx.o

.debug_str      0x00000000    0x93673
 .debug_str     0x00000000    0x901ac Drivers/STM32F7xx_HAL_Driver/stm32f7xx_hal.o
                              0x90501 (size before relaxing)
 .debug_str     0x000901ac      0x458 Drivers/STM32F7xx_HAL_Driver/stm32f7xx_hal_cortex.o
                              0x9057e (size before relaxing)
 .debug_str     0x00090604      0x2e6 Drivers/STM32F7xx_HAL_Driver/stm32f7xx_hal_gpio.o
                              0x8fe3a (size before relaxing)
 .debug_str     0x000908ea      0xb06 Drivers/STM32F7xx_HAL_Driver/stm32f7xx_hal_qspi.o
                              0x9055c (size before relaxing)
 .debug_str     0x000913f0      0x3cd Drivers/STM32F7xx_HAL_Driver/stm32f7xx_hal_rcc.o
                              0x8ffab (size before relaxing)
 .debug_str     0x000917bd      0x39a Drivers/STM32F7xx_HAL_Driver/stm32f7xx_hal_rcc_ex.o
                              0x8feef (size before relaxing)
 .debug_str     0x00091b57      0x727 Drivers/STM32F7xx_HAL_Driver/stm32f7xx_hal_uart.o
                              0x9060c (size before relaxing)
 .debug_str     0x0009227e       0xad Drivers/CMSIS/system_stm32f7xx.o
                              0x8ec40 (size before relaxing)
 .debug_str     0x0009232b      0xefc Drivers/BSP/STM32746G-Discovery/stm32746g_discovery_qspi.o
                              0x916eb (size before relaxing)
 .debug_str     0x00093227      0x1e6 Application/User/Circ_Buff.o
                               0x62b0 (size before relaxing)
 .debug_str     0x0009340d       0x49 Application/User/gpio.o
                              0x8fbd6 (size before relaxing)
 .debug_str     0x00093456      0x13d Application/User/main.o
                              0x91a2a (size before relaxing)
 .debug_str     0x00093593       0x3f Application/User/stm32f7xx_hal_msp.o
                              0x8ffba (size before relaxing)
 .debug_str     0x000935d2       0x6e Application/User/stm32f7xx_it.o
                              0x8ff6d (size before relaxing)
 .debug_str     0x00093640       0x33 Application/User/usart.o
                              0x90723 (size before relaxing)

.comment        0x00000000       0x70
 .comment       0x00000000       0x70 Drivers/STM32F7xx_HAL_Driver/stm32f7xx_hal.o
                                 0x71 (size before relaxing)
 .comment       0x00000000       0x71 Drivers/STM32F7xx_HAL_Driver/stm32f7xx_hal_cortex.o
 .comment       0x00000000       0x71 Drivers/STM32F7xx_HAL_Driver/stm32f7xx_hal_gpio.o
 .comment       0x00000000       0x71 Drivers/STM32F7xx_HAL_Driver/stm32f7xx_hal_qspi.o
 .comment       0x00000000       0x71 Drivers/STM32F7xx_HAL_Driver/stm32f7xx_hal_rcc.o
 .comment       0x00000000       0x71 Drivers/STM32F7xx_HAL_Driver/stm32f7xx_hal_rcc_ex.o
 .comment       0x00000000       0x71 Drivers/STM32F7xx_HAL_Driver/stm32f7xx_hal_uart.o
 .comment       0x00000000       0x71 Drivers/CMSIS/system_stm32f7xx.o
 .comment       0x00000000       0x71 Drivers/BSP/STM32746G-Discovery/stm32746g_discovery_qspi.o
 .comment       0x00000000       0x71 Application/User/Circ_Buff.o
 .comment       0x00000000       0x71 Application/User/gpio.o
 .comment       0x00000000       0x71 Application/User/main.o
 .comment       0x00000000       0x71 Application/User/stm32f7xx_hal_msp.o
 .comment       0x00000000       0x71 Application/User/stm32f7xx_it.o
 .comment       0x00000000       0x71 Application/User/usart.o

.debug_frame    0x00000000     0x1304
 .debug_frame   0x00000000      0x1a8 Drivers/STM32F7xx_HAL_Driver/stm32f7xx_hal.o
 .debug_frame   0x000001a8      0x138 Drivers/STM32F7xx_HAL_Driver/stm32f7xx_hal_cortex.o
 .debug_frame   0x000002e0       0xc8 Drivers/STM32F7xx_HAL_Driver/stm32f7xx_hal_gpio.o
 .debug_frame   0x000003a8      0x398 Drivers/STM32F7xx_HAL_Driver/stm32f7xx_hal_qspi.o
 .debug_frame   0x00000740      0x144 Drivers/STM32F7xx_HAL_Driver/stm32f7xx_hal_rcc.o
 .debug_frame   0x00000884       0x7c Drivers/STM32F7xx_HAL_Driver/stm32f7xx_hal_rcc_ex.o
 .debug_frame   0x00000900      0x3e4 Drivers/STM32F7xx_HAL_Driver/stm32f7xx_hal_uart.o
 .debug_frame   0x00000ce4       0x3c Drivers/CMSIS/system_stm32f7xx.o
 .debug_frame   0x00000d20      0x1bc Drivers/BSP/STM32746G-Discovery/stm32746g_discovery_qspi.o
 .debug_frame   0x00000edc       0x84 Application/User/Circ_Buff.o
 .debug_frame   0x00000f60       0x40 Application/User/gpio.o
 .debug_frame   0x00000fa0       0xcc Application/User/main.o
 .debug_frame   0x0000106c       0x28 Application/User/stm32f7xx_hal_msp.o
 .debug_frame   0x00001094       0x40 Application/User/stm32f7xx_it.o
 .debug_frame   0x000010d4       0x68 Application/User/usart.o
 .debug_frame   0x0000113c       0x20 /home/javier/Ac6/SystemWorkbench/plugins/fr.ac6.mcu.externaltools.arm-none.linux64_1.3.0.201507241112/tools/compiler/bin/../lib/gcc/arm-none-eabi/4.9.3/../../../../arm-none-eabi/lib/cortex-m7/fpu/fpv5-sp-d16/libc_nano.a(lib_a-calloc.o)
 .debug_frame   0x0000115c       0x2c /home/javier/Ac6/SystemWorkbench/plugins/fr.ac6.mcu.externaltools.arm-none.linux64_1.3.0.201507241112/tools/compiler/bin/../lib/gcc/arm-none-eabi/4.9.3/../../../../arm-none-eabi/lib/cortex-m7/fpu/fpv5-sp-d16/libc_nano.a(lib_a-init.o)
 .debug_frame   0x00001188       0x30 /home/javier/Ac6/SystemWorkbench/plugins/fr.ac6.mcu.externaltools.arm-none.linux64_1.3.0.201507241112/tools/compiler/bin/../lib/gcc/arm-none-eabi/4.9.3/../../../../arm-none-eabi/lib/cortex-m7/fpu/fpv5-sp-d16/libc_nano.a(lib_a-malloc.o)
 .debug_frame   0x000011b8       0x20 /home/javier/Ac6/SystemWorkbench/plugins/fr.ac6.mcu.externaltools.arm-none.linux64_1.3.0.201507241112/tools/compiler/bin/../lib/gcc/arm-none-eabi/4.9.3/../../../../arm-none-eabi/lib/cortex-m7/fpu/fpv5-sp-d16/libc_nano.a(lib_a-memset.o)
 .debug_frame   0x000011d8       0x2c /home/javier/Ac6/SystemWorkbench/plugins/fr.ac6.mcu.externaltools.arm-none.linux64_1.3.0.201507241112/tools/compiler/bin/../lib/gcc/arm-none-eabi/4.9.3/../../../../arm-none-eabi/lib/cortex-m7/fpu/fpv5-sp-d16/libc_nano.a(lib_a-nano-callocr.o)
 .debug_frame   0x00001204       0x2c /home/javier/Ac6/SystemWorkbench/plugins/fr.ac6.mcu.externaltools.arm-none.linux64_1.3.0.201507241112/tools/compiler/bin/../lib/gcc/arm-none-eabi/4.9.3/../../../../arm-none-eabi/lib/cortex-m7/fpu/fpv5-sp-d16/libc_nano.a(lib_a-nano-freer.o)
 .debug_frame   0x00001230       0x2c /home/javier/Ac6/SystemWorkbench/plugins/fr.ac6.mcu.externaltools.arm-none.linux64_1.3.0.201507241112/tools/compiler/bin/../lib/gcc/arm-none-eabi/4.9.3/../../../../arm-none-eabi/lib/cortex-m7/fpu/fpv5-sp-d16/libc_nano.a(lib_a-nano-mallocr.o)
 .debug_frame   0x0000125c       0x2c /home/javier/Ac6/SystemWorkbench/plugins/fr.ac6.mcu.externaltools.arm-none.linux64_1.3.0.201507241112/tools/compiler/bin/../lib/gcc/arm-none-eabi/4.9.3/../../../../arm-none-eabi/lib/cortex-m7/fpu/fpv5-sp-d16/libc_nano.a(lib_a-sbrkr.o)
 .debug_frame   0x00001288       0x5c /home/javier/Ac6/SystemWorkbench/plugins/fr.ac6.mcu.externaltools.arm-none.linux64_1.3.0.201507241112/tools/compiler/bin/../lib/gcc/arm-none-eabi/4.9.3/../../../../arm-none-eabi/lib/cortex-m7/fpu/fpv5-sp-d16/libc_nano.a(lib_a-reent.o)
 .debug_frame   0x000012e4       0x20 /home/javier/Ac6/SystemWorkbench/plugins/fr.ac6.mcu.externaltools.arm-none.linux64_1.3.0.201507241112/tools/compiler/bin/../lib/gcc/arm-none-eabi/4.9.3/../../../../arm-none-eabi/lib/cortex-m7/fpu/fpv5-sp-d16/libnosys.a(sbrk.o)
